MPLINK 4.49, Linker
Linker Map File - Created Mon Feb 10 10:00:05 2020

                                 Section Info
                  Section       Type    Address   Location Size(Bytes)
                ---------  ---------  ---------  ---------  ---------
                   .org_0       code   0x000000    program   0x000000
                   .org_1       code   0x000000    program   0x000002
                   .org_2       code   0x000004    program   0x0000a8
  .config_2007_UNTITLED.O       code   0x002007    program   0x000002
  .config_2008_UNTITLED.O       code   0x002008    program   0x000002



                              Program Memory Usage 
                               Start         End      
                           ---------   ---------      
                            0x000000    0x000000      
                            0x000004    0x000057      
                            0x002007    0x002008      
            87 out of 8455 program addresses used, program memory utilization is 1%



                              Symbols - Sorted by Name
                     Name    Address   Location    Storage File                     
                ---------  ---------  ---------  --------- ---------                
                   Delay1   0x00004e    program     static C:\Users\Pedro Celso Miranda\Desktop\MicroControladores\repo\simon_game\code\Untitled.asm
                   Delay2   0x000054    program     static C:\Users\Pedro Celso Miranda\Desktop\MicroControladores\repo\simon_game\code\Untitled.asm
                Delay_1ms   0x00004c    program     static C:\Users\Pedro Celso Miranda\Desktop\MicroControladores\repo\simon_game\code\Untitled.asm
                 Delay_1s   0x000046    program     static C:\Users\Pedro Celso Miranda\Desktop\MicroControladores\repo\simon_game\code\Untitled.asm
              Delay_200ms   0x000052    program     static C:\Users\Pedro Celso Miranda\Desktop\MicroControladores\repo\simon_game\code\Untitled.asm
            ExitInterrupt   0x000010    program     static C:\Users\Pedro Celso Miranda\Desktop\MicroControladores\repo\simon_game\code\Untitled.asm
             LedCountLoop   0x00002d    program     static C:\Users\Pedro Celso Miranda\Desktop\MicroControladores\repo\simon_game\code\Untitled.asm
                     Main   0x000025    program     static C:\Users\Pedro Celso Miranda\Desktop\MicroControladores\repo\simon_game\code\Untitled.asm
     RotinadeIncializacao   0x000027    program     static C:\Users\Pedro Celso Miranda\Desktop\MicroControladores\repo\simon_game\code\Untitled.asm
                    Start   0x000015    program     static C:\Users\Pedro Celso Miranda\Desktop\MicroControladores\repo\simon_game\code\Untitled.asm
          Timer0Interrupt   0x00000b    program     static C:\Users\Pedro Celso Miranda\Desktop\MicroControladores\repo\simon_game\code\Untitled.asm



                              Symbols - Sorted by Address
                     Name    Address   Location    Storage File                     
                ---------  ---------  ---------  --------- ---------                
          Timer0Interrupt   0x00000b    program     static C:\Users\Pedro Celso Miranda\Desktop\MicroControladores\repo\simon_game\code\Untitled.asm
            ExitInterrupt   0x000010    program     static C:\Users\Pedro Celso Miranda\Desktop\MicroControladores\repo\simon_game\code\Untitled.asm
                    Start   0x000015    program     static C:\Users\Pedro Celso Miranda\Desktop\MicroControladores\repo\simon_game\code\Untitled.asm
                     Main   0x000025    program     static C:\Users\Pedro Celso Miranda\Desktop\MicroControladores\repo\simon_game\code\Untitled.asm
     RotinadeIncializacao   0x000027    program     static C:\Users\Pedro Celso Miranda\Desktop\MicroControladores\repo\simon_game\code\Untitled.asm
             LedCountLoop   0x00002d    program     static C:\Users\Pedro Celso Miranda\Desktop\MicroControladores\repo\simon_game\code\Untitled.asm
                 Delay_1s   0x000046    program     static C:\Users\Pedro Celso Miranda\Desktop\MicroControladores\repo\simon_game\code\Untitled.asm
                Delay_1ms   0x00004c    program     static C:\Users\Pedro Celso Miranda\Desktop\MicroControladores\repo\simon_game\code\Untitled.asm
                   Delay1   0x00004e    program     static C:\Users\Pedro Celso Miranda\Desktop\MicroControladores\repo\simon_game\code\Untitled.asm
              Delay_200ms   0x000052    program     static C:\Users\Pedro Celso Miranda\Desktop\MicroControladores\repo\simon_game\code\Untitled.asm
                   Delay2   0x000054    program     static C:\Users\Pedro Celso Miranda\Desktop\MicroControladores\repo\simon_game\code\Untitled.asm


