MPLINK 4.49, Linker
Linker Map File - Created Thu Feb 06 12:02:31 2020

                                 Section Info
                  Section       Type    Address   Location Size(Bytes)
                ---------  ---------  ---------  ---------  ---------
                   .org_0       code   0x000000    program   0x000000
                   .org_1       code   0x000000    program   0x000002
                   .org_2       code   0x000004    program   0x000058



                              Program Memory Usage 
                               Start         End      
                           ---------   ---------      
                            0x000000    0x000000      
                            0x000004    0x00002f      
            45 out of 8455 program addresses used, program memory utilization is 0%



                              Symbols - Sorted by Name
                     Name    Address   Location    Storage File                     
                ---------  ---------  ---------  --------- ---------                
                 Delay_1s   0x00002c    program     static C:\Users\Pedro Celso Miranda\Desktop\MicroControladores\repo\simon_game\code\Untitled.asm
              Delay_200ms   0x00002e    program     static C:\Users\Pedro Celso Miranda\Desktop\MicroControladores\repo\simon_game\code\Untitled.asm
             LedCountLoop   0x000013    program     static C:\Users\Pedro Celso Miranda\Desktop\MicroControladores\repo\simon_game\code\Untitled.asm
                     Main   0x00000a    program     static C:\Users\Pedro Celso Miranda\Desktop\MicroControladores\repo\simon_game\code\Untitled.asm
     RotinadeIncializacao   0x00000c    program     static C:\Users\Pedro Celso Miranda\Desktop\MicroControladores\repo\simon_game\code\Untitled.asm
                    Start   0x000005    program     static C:\Users\Pedro Celso Miranda\Desktop\MicroControladores\repo\simon_game\code\Untitled.asm



                              Symbols - Sorted by Address
                     Name    Address   Location    Storage File                     
                ---------  ---------  ---------  --------- ---------                
                    Start   0x000005    program     static C:\Users\Pedro Celso Miranda\Desktop\MicroControladores\repo\simon_game\code\Untitled.asm
                     Main   0x00000a    program     static C:\Users\Pedro Celso Miranda\Desktop\MicroControladores\repo\simon_game\code\Untitled.asm
     RotinadeIncializacao   0x00000c    program     static C:\Users\Pedro Celso Miranda\Desktop\MicroControladores\repo\simon_game\code\Untitled.asm
             LedCountLoop   0x000013    program     static C:\Users\Pedro Celso Miranda\Desktop\MicroControladores\repo\simon_game\code\Untitled.asm
                 Delay_1s   0x00002c    program     static C:\Users\Pedro Celso Miranda\Desktop\MicroControladores\repo\simon_game\code\Untitled.asm
              Delay_200ms   0x00002e    program     static C:\Users\Pedro Celso Miranda\Desktop\MicroControladores\repo\simon_game\code\Untitled.asm


